=== per_phase_C_Delay ===
Device: cuda  |  Run: per_phase_C_Delay  |  Phases: ['C+Delay']
Model parameters: 1,229,346
Traceback (most recent call last):
  File "/home/roshani/liver-lesion-mmri-poc/src/train.py", line 307, in <module>
    main()
  File "/home/roshani/liver-lesion-mmri-poc/src/train.py", line 212, in main
    scaler = torch.amp.GradScaler(enabled=(device.type == "cuda"))
             ^^^^^^^^^^^^^^^^^^^^
AttributeError: module 'torch.amp' has no attribute 'GradScaler'
FAILED (exit 1)
=== per_phase_C_Delay ===
Device: cuda  |  Run: per_phase_C_Delay  |  Phases: ['C+Delay']
Model parameters: 1,229,346
Ep   0  tr_loss=0.7517 auroc=0.5310  val_loss=0.6886 auroc=0.6582  1.1s
  → new best val AUROC: 0.6582
Ep   1  tr_loss=0.6760 auroc=0.6493  val_loss=0.8426 auroc=0.6667  0.6s
  → new best val AUROC: 0.6667
Ep   2  tr_loss=0.6741 auroc=0.6210  val_loss=0.6417 auroc=0.7274  0.7s
  → new best val AUROC: 0.7274
Ep   3  tr_loss=0.6736 auroc=0.6278  val_loss=0.6898 auroc=0.7199  0.7s
Ep   4  tr_loss=0.6564 auroc=0.6561  val_loss=0.6357 auroc=0.6848  0.7s
Ep   5  tr_loss=0.6369 auroc=0.6912  val_loss=0.6348 auroc=0.7215  0.7s
Ep   6  tr_loss=0.6184 auroc=0.7123  val_loss=0.6180 auroc=0.7306  0.7s
  → new best val AUROC: 0.7306
Ep   7  tr_loss=0.6088 auroc=0.7332  val_loss=0.7312 auroc=0.6855  0.7s
Ep   8  tr_loss=0.6056 auroc=0.7324  val_loss=0.8774 auroc=0.6654  0.7s
Ep   9  tr_loss=0.5908 auroc=0.7552  val_loss=0.6657 auroc=0.7318  0.7s
  → new best val AUROC: 0.7318
Ep  10  tr_loss=0.5651 auroc=0.7815  val_loss=0.6575 auroc=0.7531  0.6s
  → new best val AUROC: 0.7531
Ep  11  tr_loss=0.5686 auroc=0.7827  val_loss=0.6092 auroc=0.8020  0.7s
  → new best val AUROC: 0.8020
Ep  12  tr_loss=0.6057 auroc=0.7484  val_loss=0.6602 auroc=0.7782  0.7s
Ep  13  tr_loss=0.5583 auroc=0.7894  val_loss=0.6273 auroc=0.7450  0.7s
Ep  14  tr_loss=0.5289 auroc=0.8107  val_loss=0.5527 auroc=0.8164  0.7s
  → new best val AUROC: 0.8164
Ep  15  tr_loss=0.5647 auroc=0.7812  val_loss=0.6191 auroc=0.8195  0.7s
  → new best val AUROC: 0.8195
Ep  16  tr_loss=0.5488 auroc=0.8000  val_loss=0.5516 auroc=0.8120  0.7s
Ep  17  tr_loss=0.5035 auroc=0.8401  val_loss=0.5199 auroc=0.8427  0.6s
  → new best val AUROC: 0.8427
Ep  18  tr_loss=0.5176 auroc=0.8270  val_loss=0.5645 auroc=0.8434  0.7s
  → new best val AUROC: 0.8434
Ep  19  tr_loss=0.5451 auroc=0.8045  val_loss=0.5865 auroc=0.8283  0.7s
Ep  20  tr_loss=0.5597 auroc=0.8026  val_loss=0.5139 auroc=0.8534  0.7s
  → new best val AUROC: 0.8534
Ep  21  tr_loss=0.5143 auroc=0.8305  val_loss=0.6992 auroc=0.8321  0.7s
Ep  22  tr_loss=0.5113 auroc=0.8343  val_loss=0.8274 auroc=0.8690  0.7s
  → new best val AUROC: 0.8690
Ep  23  tr_loss=0.4850 auroc=0.8483  val_loss=0.5762 auroc=0.8271  0.7s
Ep  24  tr_loss=0.4836 auroc=0.8511  val_loss=0.5126 auroc=0.8402  0.7s
Ep  25  tr_loss=0.4394 auroc=0.8754  val_loss=0.5101 auroc=0.8534  0.7s
Ep  26  tr_loss=0.5028 auroc=0.8330  val_loss=0.5411 auroc=0.8609  0.7s
Ep  27  tr_loss=0.4594 auroc=0.8658  val_loss=0.6866 auroc=0.8102  0.7s
Ep  28  tr_loss=0.5067 auroc=0.8304  val_loss=0.6660 auroc=0.8459  0.7s
Ep  29  tr_loss=0.4937 auroc=0.8466  val_loss=0.6860 auroc=0.8596  0.7s
Ep  30  tr_loss=0.4725 auroc=0.8564  val_loss=0.6652 auroc=0.8340  0.7s
Ep  31  tr_loss=0.4432 auroc=0.8746  val_loss=0.4868 auroc=0.8672  0.7s
Ep  32  tr_loss=0.4305 auroc=0.8867  val_loss=0.5659 auroc=0.8183  0.7s
Early stopping at epoch 32 (patience=10)

Predictions → outputs/runs/per_phase_C_Delay/predictions.csv
Done.  Best val AUROC: 0.8690
DONE
