=== per_phase_C_V ===
Device: cuda  |  Run: per_phase_C_V  |  Phases: ['C+V']
Model parameters: 1,229,346
Traceback (most recent call last):
  File "/home/roshani/liver-lesion-mmri-poc/src/train.py", line 307, in <module>
    main()
  File "/home/roshani/liver-lesion-mmri-poc/src/train.py", line 212, in main
    scaler = torch.amp.GradScaler(enabled=(device.type == "cuda"))
             ^^^^^^^^^^^^^^^^^^^^
AttributeError: module 'torch.amp' has no attribute 'GradScaler'
FAILED (exit 1)
=== per_phase_C_V ===
Device: cuda  |  Run: per_phase_C_V  |  Phases: ['C+V']
Model parameters: 1,229,346
Ep   0  tr_loss=0.7494 auroc=0.5251  val_loss=0.6782 auroc=0.6588  1.1s
  → new best val AUROC: 0.6588
Ep   1  tr_loss=0.6831 auroc=0.6295  val_loss=0.7867 auroc=0.6645  0.7s
  → new best val AUROC: 0.6645
Ep   2  tr_loss=0.6772 auroc=0.5996  val_loss=0.6498 auroc=0.7140  0.7s
  → new best val AUROC: 0.7140
Ep   3  tr_loss=0.6617 auroc=0.6529  val_loss=0.7257 auroc=0.6967  0.6s
Ep   4  tr_loss=0.6469 auroc=0.6696  val_loss=0.6323 auroc=0.6898  0.7s
Ep   5  tr_loss=0.6276 auroc=0.7085  val_loss=0.6433 auroc=0.6898  0.7s
Ep   6  tr_loss=0.6171 auroc=0.7136  val_loss=0.6031 auroc=0.7187  0.7s
  → new best val AUROC: 0.7187
Ep   7  tr_loss=0.6183 auroc=0.7143  val_loss=0.6321 auroc=0.7506  0.7s
  → new best val AUROC: 0.7506
Ep   8  tr_loss=0.5993 auroc=0.7389  val_loss=0.6962 auroc=0.7074  0.7s
Ep   9  tr_loss=0.5930 auroc=0.7538  val_loss=0.6639 auroc=0.7083  0.6s
Ep  10  tr_loss=0.5829 auroc=0.7714  val_loss=0.5934 auroc=0.7506  0.7s
Ep  11  tr_loss=0.5771 auroc=0.7714  val_loss=0.6368 auroc=0.7682  0.7s
  → new best val AUROC: 0.7682
Ep  12  tr_loss=0.6266 auroc=0.7050  val_loss=0.7388 auroc=0.7663  0.7s
Ep  13  tr_loss=0.5786 auroc=0.7681  val_loss=0.5831 auroc=0.7688  0.7s
  → new best val AUROC: 0.7688
Ep  14  tr_loss=0.5559 auroc=0.7991  val_loss=0.6017 auroc=0.7632  0.7s
Ep  15  tr_loss=0.5891 auroc=0.7496  val_loss=0.5709 auroc=0.7926  0.7s
  → new best val AUROC: 0.7926
Ep  16  tr_loss=0.5466 auroc=0.8053  val_loss=0.7557 auroc=0.7325  0.7s
Ep  17  tr_loss=0.5136 auroc=0.8293  val_loss=0.5657 auroc=0.7907  0.7s
Ep  18  tr_loss=0.5498 auroc=0.8064  val_loss=1.1273 auroc=0.7444  0.6s
Ep  19  tr_loss=0.5723 auroc=0.7807  val_loss=0.5737 auroc=0.8158  0.7s
  → new best val AUROC: 0.8158
Ep  20  tr_loss=0.5636 auroc=0.7911  val_loss=0.5529 auroc=0.8158  0.7s
  → new best val AUROC: 0.8158
Ep  21  tr_loss=0.5239 auroc=0.8284  val_loss=0.5244 auroc=0.8233  0.7s
  → new best val AUROC: 0.8233
Ep  22  tr_loss=0.4859 auroc=0.8530  val_loss=0.5996 auroc=0.8559  0.7s
  → new best val AUROC: 0.8559
Ep  23  tr_loss=0.5277 auroc=0.8122  val_loss=0.5188 auroc=0.8308  0.7s
Ep  24  tr_loss=0.4897 auroc=0.8524  val_loss=0.5976 auroc=0.8315  0.7s
Ep  25  tr_loss=0.4479 auroc=0.8784  val_loss=0.5369 auroc=0.8289  0.7s
Ep  26  tr_loss=0.5496 auroc=0.8113  val_loss=0.7458 auroc=0.7271  0.7s
Ep  27  tr_loss=0.4929 auroc=0.8423  val_loss=0.9411 auroc=0.7556  0.7s
Ep  28  tr_loss=0.5485 auroc=0.7974  val_loss=0.5057 auroc=0.8402  0.7s
Ep  29  tr_loss=0.5218 auroc=0.8195  val_loss=0.6611 auroc=0.8076  0.7s
Ep  30  tr_loss=0.4629 auroc=0.8719  val_loss=0.5373 auroc=0.8622  0.7s
  → new best val AUROC: 0.8622
Ep  31  tr_loss=0.4201 auroc=0.8915  val_loss=0.5244 auroc=0.8402  0.7s
Ep  32  tr_loss=0.4904 auroc=0.8548  val_loss=0.6538 auroc=0.7356  0.7s
Ep  33  tr_loss=0.5135 auroc=0.8246  val_loss=0.4566 auroc=0.8772  0.7s
  → new best val AUROC: 0.8772
Ep  34  tr_loss=0.4547 auroc=0.8694  val_loss=0.5010 auroc=0.8534  0.7s
Ep  35  tr_loss=0.4434 auroc=0.8796  val_loss=0.5443 auroc=0.8208  0.7s
Ep  36  tr_loss=0.4342 auroc=0.8782  val_loss=0.4887 auroc=0.8741  0.7s
Ep  37  tr_loss=0.4350 auroc=0.8782  val_loss=0.4051 auroc=0.9004  0.7s
  → new best val AUROC: 0.9004
Ep  38  tr_loss=0.4336 auroc=0.8798  val_loss=0.4302 auroc=0.8947  0.7s
Ep  39  tr_loss=0.3894 auroc=0.9056  val_loss=0.5298 auroc=0.8346  0.7s
Ep  40  tr_loss=0.4196 auroc=0.8909  val_loss=0.5044 auroc=0.8822  0.7s
Ep  41  tr_loss=0.4048 auroc=0.8996  val_loss=0.5307 auroc=0.8465  0.7s
Ep  42  tr_loss=0.4088 auroc=0.9045  val_loss=0.6037 auroc=0.8383  0.7s
Ep  43  tr_loss=0.3997 auroc=0.9042  val_loss=0.9865 auroc=0.8515  0.7s
Ep  44  tr_loss=0.3801 auroc=0.9118  val_loss=0.6985 auroc=0.8095  0.6s
Ep  45  tr_loss=0.3979 auroc=0.9006  val_loss=0.4839 auroc=0.8766  0.7s
Ep  46  tr_loss=0.3734 auroc=0.9151  val_loss=0.4962 auroc=0.8496  0.7s
Ep  47  tr_loss=0.3521 auroc=0.9248  val_loss=0.4901 auroc=0.8484  0.7s
Early stopping at epoch 47 (patience=10)

Predictions → outputs/runs/per_phase_C_V/predictions.csv
Done.  Best val AUROC: 0.9004
DONE
