=== per_phase_C_pre ===
Device: cuda  |  Run: per_phase_C_pre  |  Phases: ['C-pre']
Model parameters: 1,229,346
Traceback (most recent call last):
  File "/home/roshani/liver-lesion-mmri-poc/src/train.py", line 307, in <module>
    main()
  File "/home/roshani/liver-lesion-mmri-poc/src/train.py", line 212, in main
    scaler = torch.amp.GradScaler(enabled=(device.type == "cuda"))
             ^^^^^^^^^^^^^^^^^^^^
AttributeError: module 'torch.amp' has no attribute 'GradScaler'
FAILED (exit 1)
=== per_phase_C_pre ===
Device: cuda  |  Run: per_phase_C_pre  |  Phases: ['C-pre']
Model parameters: 1,229,346
Ep   0  tr_loss=0.7363 auroc=0.5531  val_loss=0.6480 auroc=0.6855  1.1s
  → new best val AUROC: 0.6855
Ep   1  tr_loss=0.6876 auroc=0.6010  val_loss=0.7108 auroc=0.5977  0.7s
Ep   2  tr_loss=0.7057 auroc=0.5541  val_loss=0.6530 auroc=0.6736  0.6s
Ep   3  tr_loss=0.7077 auroc=0.5504  val_loss=0.6794 auroc=0.6717  0.7s
Ep   4  tr_loss=0.6963 auroc=0.5794  val_loss=0.6445 auroc=0.6842  0.7s
Ep   5  tr_loss=0.6840 auroc=0.6054  val_loss=0.6569 auroc=0.6685  0.7s
Ep   6  tr_loss=0.6603 auroc=0.6406  val_loss=0.6455 auroc=0.7118  0.7s
  → new best val AUROC: 0.7118
Ep   7  tr_loss=0.6653 auroc=0.6343  val_loss=0.6586 auroc=0.6817  0.7s
Ep   8  tr_loss=0.6573 auroc=0.6605  val_loss=0.6182 auroc=0.7143  0.6s
  → new best val AUROC: 0.7143
Ep   9  tr_loss=0.6587 auroc=0.6642  val_loss=0.6233 auroc=0.7043  0.6s
Ep  10  tr_loss=0.6467 auroc=0.6781  val_loss=0.6191 auroc=0.7199  0.7s
  → new best val AUROC: 0.7199
Ep  11  tr_loss=0.6604 auroc=0.6473  val_loss=0.6376 auroc=0.6936  0.7s
Ep  12  tr_loss=0.6616 auroc=0.6523  val_loss=0.6164 auroc=0.7099  0.7s
Ep  13  tr_loss=0.6554 auroc=0.6542  val_loss=0.6089 auroc=0.7381  0.7s
  → new best val AUROC: 0.7381
Ep  14  tr_loss=0.6467 auroc=0.6711  val_loss=0.6230 auroc=0.7368  0.7s
Ep  15  tr_loss=0.6495 auroc=0.6543  val_loss=0.6217 auroc=0.7268  0.6s
Ep  16  tr_loss=0.6643 auroc=0.6229  val_loss=0.6187 auroc=0.7256  0.7s
Ep  17  tr_loss=0.6332 auroc=0.7061  val_loss=0.6190 auroc=0.7149  0.7s
Ep  18  tr_loss=0.6633 auroc=0.6565  val_loss=0.6214 auroc=0.7155  0.7s
Ep  19  tr_loss=0.6468 auroc=0.6783  val_loss=0.6154 auroc=0.7525  0.7s
  → new best val AUROC: 0.7525
Ep  20  tr_loss=0.6208 auroc=0.7165  val_loss=0.6336 auroc=0.7043  0.7s
Ep  21  tr_loss=0.6275 auroc=0.7055  val_loss=0.6122 auroc=0.7400  0.7s
Ep  22  tr_loss=0.6375 auroc=0.6989  val_loss=0.6110 auroc=0.7237  0.7s
Ep  23  tr_loss=0.6231 auroc=0.6971  val_loss=0.6188 auroc=0.7143  0.7s
Ep  24  tr_loss=0.6323 auroc=0.6936  val_loss=0.6264 auroc=0.7206  0.7s
Ep  25  tr_loss=0.6204 auroc=0.7046  val_loss=0.6843 auroc=0.6579  0.7s
Ep  26  tr_loss=0.6220 auroc=0.7178  val_loss=0.6617 auroc=0.7174  0.7s
Ep  27  tr_loss=0.6266 auroc=0.7181  val_loss=0.6967 auroc=0.6748  0.6s
Ep  28  tr_loss=0.6380 auroc=0.6677  val_loss=0.6238 auroc=0.7262  0.7s
Ep  29  tr_loss=0.6049 auroc=0.7304  val_loss=0.6574 auroc=0.7343  0.7s
Early stopping at epoch 29 (patience=10)

Predictions → outputs/runs/per_phase_C_pre/predictions.csv
Done.  Best val AUROC: 0.7525
DONE
