=== per_phase_DWI ===
Device: cuda  |  Run: per_phase_DWI  |  Phases: ['DWI']
Model parameters: 1,229,346
Traceback (most recent call last):
  File "/home/roshani/liver-lesion-mmri-poc/src/train.py", line 307, in <module>
    main()
  File "/home/roshani/liver-lesion-mmri-poc/src/train.py", line 212, in main
    scaler = torch.amp.GradScaler(enabled=(device.type == "cuda"))
             ^^^^^^^^^^^^^^^^^^^^
AttributeError: module 'torch.amp' has no attribute 'GradScaler'
FAILED (exit 1)
=== per_phase_DWI ===
Device: cuda  |  Run: per_phase_DWI  |  Phases: ['DWI']
Model parameters: 1,229,346
Ep   0  tr_loss=0.7160 auroc=0.5664  val_loss=1.4112 auroc=0.5959  1.1s
  → new best val AUROC: 0.5959
Ep   1  tr_loss=0.6782 auroc=0.6394  val_loss=0.6607 auroc=0.6447  0.7s
  → new best val AUROC: 0.6447
Ep   2  tr_loss=0.6754 auroc=0.6058  val_loss=0.6531 auroc=0.6532  0.6s
  → new best val AUROC: 0.6532
Ep   3  tr_loss=0.6441 auroc=0.6944  val_loss=0.6451 auroc=0.6673  0.6s
  → new best val AUROC: 0.6673
Ep   4  tr_loss=0.6570 auroc=0.6653  val_loss=0.6495 auroc=0.6535  0.6s
Ep   5  tr_loss=0.6432 auroc=0.6844  val_loss=0.6518 auroc=0.6783  0.7s
  → new best val AUROC: 0.6783
Ep   6  tr_loss=0.6129 auroc=0.7254  val_loss=0.6452 auroc=0.6698  0.7s
Ep   7  tr_loss=0.6144 auroc=0.7097  val_loss=0.6557 auroc=0.6460  0.7s
Ep   8  tr_loss=0.6090 auroc=0.7211  val_loss=0.6967 auroc=0.5959  0.7s
Ep   9  tr_loss=0.6279 auroc=0.6913  val_loss=0.6585 auroc=0.6510  0.7s
Ep  10  tr_loss=0.6062 auroc=0.7339  val_loss=0.6560 auroc=0.6617  0.7s
Ep  11  tr_loss=0.6021 auroc=0.7280  val_loss=0.6479 auroc=0.6623  0.7s
Ep  12  tr_loss=0.6293 auroc=0.7070  val_loss=0.6967 auroc=0.6642  0.7s
Ep  13  tr_loss=0.6190 auroc=0.7131  val_loss=0.6501 auroc=0.6554  0.7s
Ep  14  tr_loss=0.6060 auroc=0.7411  val_loss=0.6569 auroc=0.6654  0.7s
Ep  15  tr_loss=0.6036 auroc=0.7278  val_loss=0.6782 auroc=0.6529  0.7s
Early stopping at epoch 15 (patience=10)

Predictions → outputs/runs/per_phase_DWI/predictions.csv
Done.  Best val AUROC: 0.6783
DONE
