=== per_phase_C_A ===
Device: cuda  |  Run: per_phase_C_A  |  Phases: ['C+A']
Model parameters: 1,229,346
Traceback (most recent call last):
  File "/home/roshani/liver-lesion-mmri-poc/src/train.py", line 307, in <module>
    main()
  File "/home/roshani/liver-lesion-mmri-poc/src/train.py", line 212, in main
    scaler = torch.amp.GradScaler(enabled=(device.type == "cuda"))
             ^^^^^^^^^^^^^^^^^^^^
AttributeError: module 'torch.amp' has no attribute 'GradScaler'
FAILED (exit 1)
=== per_phase_C_A ===
Device: cuda  |  Run: per_phase_C_A  |  Phases: ['C+A']
Model parameters: 1,229,346
Ep   0  tr_loss=0.7343 auroc=0.5287  val_loss=0.6877 auroc=0.6206  1.1s
  → new best val AUROC: 0.6206
Ep   1  tr_loss=0.7044 auroc=0.5611  val_loss=0.7179 auroc=0.7350  0.7s
  → new best val AUROC: 0.7350
Ep   2  tr_loss=0.6937 auroc=0.6180  val_loss=0.6572 auroc=0.7365  0.6s
  → new best val AUROC: 0.7365
Ep   3  tr_loss=0.6718 auroc=0.6260  val_loss=0.6691 auroc=0.7193  0.6s
Ep   4  tr_loss=0.6595 auroc=0.6404  val_loss=0.6299 auroc=0.7281  0.7s
Ep   5  tr_loss=0.6416 auroc=0.6644  val_loss=0.7481 auroc=0.7437  0.6s
  → new best val AUROC: 0.7437
Ep   6  tr_loss=0.6198 auroc=0.6958  val_loss=0.6666 auroc=0.7403  0.6s
Ep   7  tr_loss=0.6238 auroc=0.7065  val_loss=0.6599 auroc=0.7130  0.6s
Ep   8  tr_loss=0.6138 auroc=0.7197  val_loss=0.6595 auroc=0.7632  0.7s
  → new best val AUROC: 0.7632
Ep   9  tr_loss=0.5993 auroc=0.7268  val_loss=0.5998 auroc=0.7393  0.7s
Ep  10  tr_loss=0.5966 auroc=0.7467  val_loss=0.6849 auroc=0.7594  0.7s
Ep  11  tr_loss=0.6029 auroc=0.7316  val_loss=0.6510 auroc=0.7287  0.6s
Ep  12  tr_loss=0.6125 auroc=0.7166  val_loss=0.6409 auroc=0.7575  0.7s
Ep  13  tr_loss=0.5894 auroc=0.7518  val_loss=0.6161 auroc=0.7281  0.7s
Ep  14  tr_loss=0.5629 auroc=0.7715  val_loss=0.6840 auroc=0.7274  0.7s
Ep  15  tr_loss=0.5450 auroc=0.7746  val_loss=0.6107 auroc=0.7650  0.7s
  → new best val AUROC: 0.7650
Ep  16  tr_loss=0.5623 auroc=0.7716  val_loss=1.1043 auroc=0.7256  0.7s
Ep  17  tr_loss=0.5403 auroc=0.8042  val_loss=0.6109 auroc=0.7694  0.7s
  → new best val AUROC: 0.7694
Ep  18  tr_loss=0.5705 auroc=0.7696  val_loss=0.6033 auroc=0.7415  0.7s
Ep  19  tr_loss=0.5492 auroc=0.7983  val_loss=0.6234 auroc=0.6986  0.7s
Ep  20  tr_loss=0.5482 auroc=0.7956  val_loss=0.7158 auroc=0.7372  0.7s
Ep  21  tr_loss=0.5430 auroc=0.7958  val_loss=0.6415 auroc=0.7024  0.7s
Ep  22  tr_loss=0.4981 auroc=0.8408  val_loss=0.6200 auroc=0.7481  0.7s
Ep  23  tr_loss=0.5423 auroc=0.7997  val_loss=0.6023 auroc=0.7544  0.7s
Ep  24  tr_loss=0.4949 auroc=0.8417  val_loss=0.6065 auroc=0.7632  0.7s
Ep  25  tr_loss=0.5245 auroc=0.8188  val_loss=0.6387 auroc=0.7155  0.6s
Ep  26  tr_loss=0.5325 auroc=0.8076  val_loss=0.5951 auroc=0.7456  0.7s
Ep  27  tr_loss=0.4815 auroc=0.8542  val_loss=0.6791 auroc=0.7588  0.7s
Early stopping at epoch 27 (patience=10)

Predictions → outputs/runs/per_phase_C_A/predictions.csv
Done.  Best val AUROC: 0.7694
DONE
