=== per_phase_InPhase ===
Device: cuda  |  Run: per_phase_InPhase  |  Phases: ['InPhase']
Model parameters: 1,229,346
Traceback (most recent call last):
  File "/home/roshani/liver-lesion-mmri-poc/src/train.py", line 307, in <module>
    main()
  File "/home/roshani/liver-lesion-mmri-poc/src/train.py", line 212, in main
    scaler = torch.amp.GradScaler(enabled=(device.type == "cuda"))
             ^^^^^^^^^^^^^^^^^^^^
AttributeError: module 'torch.amp' has no attribute 'GradScaler'
FAILED (exit 1)
=== per_phase_InPhase ===
Device: cuda  |  Run: per_phase_InPhase  |  Phases: ['InPhase']
Model parameters: 1,229,346
Ep   0  tr_loss=0.7140 auroc=0.5905  val_loss=0.7619 auroc=0.6898  1.1s
  → new best val AUROC: 0.6898
Ep   1  tr_loss=0.6680 auroc=0.6409  val_loss=0.6477 auroc=0.7162  0.7s
  → new best val AUROC: 0.7162
Ep   2  tr_loss=0.6678 auroc=0.6416  val_loss=0.6661 auroc=0.7704  0.7s
  → new best val AUROC: 0.7704
Ep   3  tr_loss=0.6785 auroc=0.6262  val_loss=0.6784 auroc=0.7619  0.7s
Ep   4  tr_loss=0.6803 auroc=0.6327  val_loss=0.6913 auroc=0.7393  0.7s
Ep   5  tr_loss=0.6598 auroc=0.6695  val_loss=0.5921 auroc=0.7638  0.7s
Ep   6  tr_loss=0.6375 auroc=0.6962  val_loss=0.5944 auroc=0.7500  0.7s
Ep   7  tr_loss=0.6436 auroc=0.6795  val_loss=0.7304 auroc=0.7243  0.7s
Ep   8  tr_loss=0.6083 auroc=0.7313  val_loss=0.6683 auroc=0.7550  0.6s
Ep   9  tr_loss=0.6508 auroc=0.6838  val_loss=0.6023 auroc=0.7794  0.7s
  → new best val AUROC: 0.7794
Ep  10  tr_loss=0.6291 auroc=0.6974  val_loss=0.5873 auroc=0.7644  0.7s
Ep  11  tr_loss=0.6360 auroc=0.6939  val_loss=0.5819 auroc=0.7688  0.7s
Ep  12  tr_loss=0.6394 auroc=0.6938  val_loss=0.6264 auroc=0.7444  0.7s
Ep  13  tr_loss=0.6183 auroc=0.7119  val_loss=0.6409 auroc=0.7450  0.7s
Ep  14  tr_loss=0.6267 auroc=0.7069  val_loss=0.7213 auroc=0.7462  0.7s
Ep  15  tr_loss=0.6149 auroc=0.7214  val_loss=0.6042 auroc=0.7456  0.7s
Ep  16  tr_loss=0.6186 auroc=0.7101  val_loss=0.6175 auroc=0.7409  0.7s
Ep  17  tr_loss=0.6141 auroc=0.7250  val_loss=0.5870 auroc=0.7444  0.7s
Ep  18  tr_loss=0.5968 auroc=0.7441  val_loss=0.5687 auroc=0.7563  0.7s
Ep  19  tr_loss=0.6114 auroc=0.7300  val_loss=0.6566 auroc=0.7534  0.7s
Early stopping at epoch 19 (patience=10)

Predictions → outputs/runs/per_phase_InPhase/predictions.csv
Done.  Best val AUROC: 0.7794
DONE
