=== per_phase_OutPhase ===
Device: cuda  |  Run: per_phase_OutPhase  |  Phases: ['OutPhase']
Model parameters: 1,229,346
Traceback (most recent call last):
  File "/home/roshani/liver-lesion-mmri-poc/src/train.py", line 307, in <module>
    main()
  File "/home/roshani/liver-lesion-mmri-poc/src/train.py", line 212, in main
    scaler = torch.amp.GradScaler(enabled=(device.type == "cuda"))
             ^^^^^^^^^^^^^^^^^^^^
AttributeError: module 'torch.amp' has no attribute 'GradScaler'
FAILED (exit 1)
=== per_phase_OutPhase ===
Device: cuda  |  Run: per_phase_OutPhase  |  Phases: ['OutPhase']
Model parameters: 1,229,346
Ep   0  tr_loss=0.7321 auroc=0.5300  val_loss=0.6547 auroc=0.6516  1.1s
  → new best val AUROC: 0.6516
Ep   1  tr_loss=0.6951 auroc=0.5802  val_loss=0.6703 auroc=0.6992  0.7s
  → new best val AUROC: 0.6992
Ep   2  tr_loss=0.6996 auroc=0.5624  val_loss=0.6515 auroc=0.7243  0.7s
  → new best val AUROC: 0.7243
Ep   3  tr_loss=0.6984 auroc=0.5466  val_loss=0.6582 auroc=0.7124  0.7s
Ep   4  tr_loss=0.6937 auroc=0.5660  val_loss=0.6482 auroc=0.7162  0.7s
Ep   5  tr_loss=0.6787 auroc=0.6237  val_loss=0.6552 auroc=0.7299  0.7s
  → new best val AUROC: 0.7299
Ep   6  tr_loss=0.6717 auroc=0.6190  val_loss=0.6312 auroc=0.7061  0.6s
Ep   7  tr_loss=0.6737 auroc=0.6190  val_loss=0.6232 auroc=0.7218  0.7s
Ep   8  tr_loss=0.6720 auroc=0.6250  val_loss=0.6494 auroc=0.7243  0.7s
Ep   9  tr_loss=0.6686 auroc=0.6404  val_loss=0.6325 auroc=0.7638  0.7s
  → new best val AUROC: 0.7638
Ep  10  tr_loss=0.6669 auroc=0.6360  val_loss=0.6176 auroc=0.7318  0.6s
Ep  11  tr_loss=0.6716 auroc=0.6189  val_loss=0.6207 auroc=0.7340  0.7s
Ep  12  tr_loss=0.6648 auroc=0.6313  val_loss=0.6842 auroc=0.6579  0.7s
Ep  13  tr_loss=0.6668 auroc=0.6324  val_loss=0.6003 auroc=0.7484  0.6s
Ep  14  tr_loss=0.6568 auroc=0.6582  val_loss=0.6344 auroc=0.7607  0.7s
Ep  15  tr_loss=0.6616 auroc=0.6430  val_loss=0.6234 auroc=0.7500  0.7s
Ep  16  tr_loss=0.6487 auroc=0.6740  val_loss=0.6461 auroc=0.7130  0.7s
Ep  17  tr_loss=0.6398 auroc=0.6877  val_loss=0.6095 auroc=0.7274  0.7s
Ep  18  tr_loss=0.6494 auroc=0.6803  val_loss=0.6196 auroc=0.7406  0.7s
Ep  19  tr_loss=0.6508 auroc=0.6713  val_loss=0.6208 auroc=0.7325  0.7s
Early stopping at epoch 19 (patience=10)

Predictions → outputs/runs/per_phase_OutPhase/predictions.csv
Done.  Best val AUROC: 0.7638
DONE
