=== ablation_t2wi_dwi ===
Device: cuda  |  Run: ablation_t2wi_dwi  |  Phases: ['T2WI', 'DWI']
Model parameters: 1,294,882
Traceback (most recent call last):
  File "/home/roshani/liver-lesion-mmri-poc/src/train.py", line 307, in <module>
    main()
  File "/home/roshani/liver-lesion-mmri-poc/src/train.py", line 212, in main
    scaler = torch.amp.GradScaler(enabled=(device.type == "cuda"))
             ^^^^^^^^^^^^^^^^^^^^
AttributeError: module 'torch.amp' has no attribute 'GradScaler'
FAILED (exit 1)
=== ablation_pre_a ===
Device: cuda  |  Run: ablation_pre_a  |  Phases: ['C-pre', 'C+A']
Model parameters: 1,294,882
Traceback (most recent call last):
  File "/home/roshani/liver-lesion-mmri-poc/src/train.py", line 307, in <module>
    main()
  File "/home/roshani/liver-lesion-mmri-poc/src/train.py", line 212, in main
    scaler = torch.amp.GradScaler(enabled=(device.type == "cuda"))
             ^^^^^^^^^^^^^^^^^^^^
AttributeError: module 'torch.amp' has no attribute 'GradScaler'
FAILED (exit 1)
=== ablation_contrast_4phase ===
Device: cuda  |  Run: ablation_contrast_4phase  |  Phases: ['C-pre', 'C+A', 'C+V', 'C+Delay']
Model parameters: 1,425,954
Traceback (most recent call last):
  File "/home/roshani/liver-lesion-mmri-poc/src/train.py", line 307, in <module>
    main()
  File "/home/roshani/liver-lesion-mmri-poc/src/train.py", line 212, in main
    scaler = torch.amp.GradScaler(enabled=(device.type == "cuda"))
             ^^^^^^^^^^^^^^^^^^^^
AttributeError: module 'torch.amp' has no attribute 'GradScaler'
FAILED (exit 1)
=== ablation_all_8 ===
Device: cuda  |  Run: ablation_all_8  |  Phases: ['C-pre', 'C+A', 'C+V', 'C+Delay', 'T2WI', 'DWI', 'InPhase', 'OutPhase']
Model parameters: 1,688,098
Traceback (most recent call last):
  File "/home/roshani/liver-lesion-mmri-poc/src/train.py", line 307, in <module>
    main()
  File "/home/roshani/liver-lesion-mmri-poc/src/train.py", line 212, in main
    scaler = torch.amp.GradScaler(enabled=(device.type == "cuda"))
             ^^^^^^^^^^^^^^^^^^^^
AttributeError: module 'torch.amp' has no attribute 'GradScaler'
FAILED (exit 1)
=== per_phase_C_pre ===
Device: cuda  |  Run: per_phase_C_pre  |  Phases: ['C-pre']
Model parameters: 1,229,346
Traceback (most recent call last):
  File "/home/roshani/liver-lesion-mmri-poc/src/train.py", line 307, in <module>
    main()
  File "/home/roshani/liver-lesion-mmri-poc/src/train.py", line 212, in main
    scaler = torch.amp.GradScaler(enabled=(device.type == "cuda"))
             ^^^^^^^^^^^^^^^^^^^^
AttributeError: module 'torch.amp' has no attribute 'GradScaler'
FAILED (exit 1)
=== per_phase_C_A ===
Device: cuda  |  Run: per_phase_C_A  |  Phases: ['C+A']
Model parameters: 1,229,346
Traceback (most recent call last):
  File "/home/roshani/liver-lesion-mmri-poc/src/train.py", line 307, in <module>
    main()
  File "/home/roshani/liver-lesion-mmri-poc/src/train.py", line 212, in main
    scaler = torch.amp.GradScaler(enabled=(device.type == "cuda"))
             ^^^^^^^^^^^^^^^^^^^^
AttributeError: module 'torch.amp' has no attribute 'GradScaler'
FAILED (exit 1)
=== per_phase_C_V ===
Device: cuda  |  Run: per_phase_C_V  |  Phases: ['C+V']
Model parameters: 1,229,346
Traceback (most recent call last):
  File "/home/roshani/liver-lesion-mmri-poc/src/train.py", line 307, in <module>
    main()
  File "/home/roshani/liver-lesion-mmri-poc/src/train.py", line 212, in main
    scaler = torch.amp.GradScaler(enabled=(device.type == "cuda"))
             ^^^^^^^^^^^^^^^^^^^^
AttributeError: module 'torch.amp' has no attribute 'GradScaler'
FAILED (exit 1)
=== per_phase_C_Delay ===
Device: cuda  |  Run: per_phase_C_Delay  |  Phases: ['C+Delay']
Model parameters: 1,229,346
Traceback (most recent call last):
  File "/home/roshani/liver-lesion-mmri-poc/src/train.py", line 307, in <module>
    main()
  File "/home/roshani/liver-lesion-mmri-poc/src/train.py", line 212, in main
    scaler = torch.amp.GradScaler(enabled=(device.type == "cuda"))
             ^^^^^^^^^^^^^^^^^^^^
AttributeError: module 'torch.amp' has no attribute 'GradScaler'
FAILED (exit 1)
=== per_phase_T2WI ===
Device: cuda  |  Run: per_phase_T2WI  |  Phases: ['T2WI']
Model parameters: 1,229,346
Traceback (most recent call last):
  File "/home/roshani/liver-lesion-mmri-poc/src/train.py", line 307, in <module>
    main()
  File "/home/roshani/liver-lesion-mmri-poc/src/train.py", line 212, in main
    scaler = torch.amp.GradScaler(enabled=(device.type == "cuda"))
             ^^^^^^^^^^^^^^^^^^^^
AttributeError: module 'torch.amp' has no attribute 'GradScaler'
FAILED (exit 1)
=== per_phase_DWI ===
Device: cuda  |  Run: per_phase_DWI  |  Phases: ['DWI']
Model parameters: 1,229,346
Traceback (most recent call last):
  File "/home/roshani/liver-lesion-mmri-poc/src/train.py", line 307, in <module>
    main()
  File "/home/roshani/liver-lesion-mmri-poc/src/train.py", line 212, in main
    scaler = torch.amp.GradScaler(enabled=(device.type == "cuda"))
             ^^^^^^^^^^^^^^^^^^^^
AttributeError: module 'torch.amp' has no attribute 'GradScaler'
FAILED (exit 1)
=== per_phase_InPhase ===
Device: cuda  |  Run: per_phase_InPhase  |  Phases: ['InPhase']
Model parameters: 1,229,346
Traceback (most recent call last):
  File "/home/roshani/liver-lesion-mmri-poc/src/train.py", line 307, in <module>
    main()
  File "/home/roshani/liver-lesion-mmri-poc/src/train.py", line 212, in main
    scaler = torch.amp.GradScaler(enabled=(device.type == "cuda"))
             ^^^^^^^^^^^^^^^^^^^^
AttributeError: module 'torch.amp' has no attribute 'GradScaler'
FAILED (exit 1)
=== per_phase_OutPhase ===
Device: cuda  |  Run: per_phase_OutPhase  |  Phases: ['OutPhase']
Model parameters: 1,229,346
Traceback (most recent call last):
  File "/home/roshani/liver-lesion-mmri-poc/src/train.py", line 307, in <module>
    main()
  File "/home/roshani/liver-lesion-mmri-poc/src/train.py", line 212, in main
    scaler = torch.amp.GradScaler(enabled=(device.type == "cuda"))
             ^^^^^^^^^^^^^^^^^^^^
AttributeError: module 'torch.amp' has no attribute 'GradScaler'
FAILED (exit 1)

=== Summary ===
Config                                 Exit
------                                 ----
ablation_t2wi_dwi                      1
ablation_pre_a                         1
ablation_contrast_4phase               1
ablation_all_8                         1
per_phase_C_pre                        1
per_phase_C_A                          1
per_phase_C_V                          1
per_phase_C_Delay                      1
per_phase_T2WI                         1
per_phase_DWI                          1
per_phase_InPhase                      1
per_phase_OutPhase                     1
=== ablation_t2wi_dwi ===
Device: cuda  |  Run: ablation_t2wi_dwi  |  Phases: ['T2WI', 'DWI']
Model parameters: 1,294,882
Ep   0  tr_loss=0.7003 auroc=0.6411  val_loss=0.6361 auroc=0.7569  2.1s
  → new best val AUROC: 0.7569
Ep   1  tr_loss=0.6215 auroc=0.7135  val_loss=0.5794 auroc=0.7757  1.3s
  → new best val AUROC: 0.7757
Ep   2  tr_loss=0.5803 auroc=0.7577  val_loss=0.7656 auroc=0.7594  1.3s
Ep   3  tr_loss=0.5653 auroc=0.7773  val_loss=0.5547 auroc=0.7914  1.3s
  → new best val AUROC: 0.7914
Ep   4  tr_loss=0.5273 auroc=0.8123  val_loss=0.7224 auroc=0.7838  1.3s
Ep   5  tr_loss=0.5465 auroc=0.7883  val_loss=0.6107 auroc=0.7782  1.2s
Ep   6  tr_loss=0.5516 auroc=0.7933  val_loss=0.5484 auroc=0.7826  1.2s
Ep   7  tr_loss=0.5727 auroc=0.7737  val_loss=0.6145 auroc=0.7851  1.3s
Ep   8  tr_loss=0.5496 auroc=0.7922  val_loss=0.5416 auroc=0.7888  1.2s
Ep   9  tr_loss=0.5481 auroc=0.7926  val_loss=0.6175 auroc=0.7879  1.3s
Ep  10  tr_loss=0.5229 auroc=0.8237  val_loss=0.6153 auroc=0.7685  1.2s
Ep  11  tr_loss=0.5251 auroc=0.8150  val_loss=0.5995 auroc=0.7863  1.3s
Ep  12  tr_loss=0.5119 auroc=0.8344  val_loss=0.6705 auroc=0.6692  1.3s
Ep  13  tr_loss=0.5370 auroc=0.8078  val_loss=0.5584 auroc=0.7945  1.2s
  → new best val AUROC: 0.7945
Ep  14  tr_loss=0.5199 auroc=0.8226  val_loss=0.5729 auroc=0.8014  1.3s
  → new best val AUROC: 0.8014
Ep  15  tr_loss=0.5195 auroc=0.8167  val_loss=0.5673 auroc=0.7945  1.3s
Ep  16  tr_loss=0.4951 auroc=0.8447  val_loss=0.5998 auroc=0.8083  1.3s
  → new best val AUROC: 0.8083
Ep  17  tr_loss=0.4789 auroc=0.8516  val_loss=0.6972 auroc=0.7663  1.2s
Ep  18  tr_loss=0.4790 auroc=0.8515  val_loss=0.5716 auroc=0.7989  1.3s
Ep  19  tr_loss=0.4748 auroc=0.8472  val_loss=0.6121 auroc=0.7425  1.2s
Ep  20  tr_loss=0.4988 auroc=0.8336  val_loss=0.5359 auroc=0.8264  1.3s
  → new best val AUROC: 0.8264
Ep  21  tr_loss=0.5048 auroc=0.8297  val_loss=0.5896 auroc=0.7932  1.3s
Ep  22  tr_loss=0.4696 auroc=0.8592  val_loss=0.6048 auroc=0.7560  1.3s
Ep  23  tr_loss=0.4874 auroc=0.8468  val_loss=0.5888 auroc=0.8183  1.3s
Ep  24  tr_loss=0.5045 auroc=0.8448  val_loss=0.7511 auroc=0.7932  1.3s
Ep  25  tr_loss=0.5177 auroc=0.8264  val_loss=0.5999 auroc=0.7870  1.3s
Ep  26  tr_loss=0.4881 auroc=0.8432  val_loss=0.6000 auroc=0.8089  1.3s
Ep  27  tr_loss=0.4659 auroc=0.8601  val_loss=0.5718 auroc=0.7679  1.3s
Ep  28  tr_loss=0.4502 auroc=0.8718  val_loss=0.6201 auroc=0.7813  1.3s
Ep  29  tr_loss=0.4324 auroc=0.8816  val_loss=0.6479 auroc=0.7873  1.3s
Ep  30  tr_loss=0.4647 auroc=0.8593  val_loss=0.5757 auroc=0.8083  1.3s
Early stopping at epoch 30 (patience=10)

Predictions → outputs/runs/ablation_t2wi_dwi/predictions.csv
Done.  Best val AUROC: 0.8264
DONE
=== ablation_pre_a ===
Device: cuda  |  Run: ablation_pre_a  |  Phases: ['C-pre', 'C+A']
Model parameters: 1,294,882
Ep   0  tr_loss=0.7552 auroc=0.5222  val_loss=0.6661 auroc=0.7206  1.8s
  → new best val AUROC: 0.7206
Ep   1  tr_loss=0.6617 auroc=0.6565  val_loss=0.6591 auroc=0.6930  1.3s
Ep   2  tr_loss=0.6595 auroc=0.6596  val_loss=0.6790 auroc=0.5974  1.3s
Ep   3  tr_loss=0.6684 auroc=0.6303  val_loss=0.6344 auroc=0.7193  1.3s
Ep   4  tr_loss=0.6472 auroc=0.6855  val_loss=0.6079 auroc=0.7462  1.3s
  → new best val AUROC: 0.7462
Ep   5  tr_loss=0.6297 auroc=0.7060  val_loss=0.6385 auroc=0.7337  1.3s
Ep   6  tr_loss=0.6413 auroc=0.6734  val_loss=0.6405 auroc=0.7099  1.3s
Ep   7  tr_loss=0.6179 auroc=0.7097  val_loss=0.6164 auroc=0.6936  1.3s
Ep   8  tr_loss=0.5835 auroc=0.7607  val_loss=0.6145 auroc=0.6917  1.3s
Ep   9  tr_loss=0.5839 auroc=0.7482  val_loss=0.6154 auroc=0.7494  1.3s
  → new best val AUROC: 0.7494
Ep  10  tr_loss=0.5954 auroc=0.7441  val_loss=0.6393 auroc=0.7243  1.3s
Ep  11  tr_loss=0.6041 auroc=0.7314  val_loss=0.6119 auroc=0.7475  1.3s
Ep  12  tr_loss=0.5929 auroc=0.7456  val_loss=0.6178 auroc=0.7375  1.3s
Ep  13  tr_loss=0.5895 auroc=0.7646  val_loss=0.6857 auroc=0.7268  1.3s
Ep  14  tr_loss=0.5663 auroc=0.7636  val_loss=0.6395 auroc=0.7494  1.2s
  → new best val AUROC: 0.7494
Ep  15  tr_loss=0.6007 auroc=0.7339  val_loss=0.6441 auroc=0.7556  1.3s
  → new best val AUROC: 0.7556
Ep  16  tr_loss=0.5542 auroc=0.7779  val_loss=0.5952 auroc=0.7751  1.3s
  → new best val AUROC: 0.7751
Ep  17  tr_loss=0.5582 auroc=0.7779  val_loss=0.6362 auroc=0.7682  1.3s
Ep  18  tr_loss=0.5738 auroc=0.7697  val_loss=0.6306 auroc=0.7419  1.3s
Ep  19  tr_loss=0.5433 auroc=0.7787  val_loss=0.5847 auroc=0.7682  1.3s
Ep  20  tr_loss=0.5453 auroc=0.7951  val_loss=0.5797 auroc=0.7926  1.3s
  → new best val AUROC: 0.7926
Ep  21  tr_loss=0.5291 auroc=0.8065  val_loss=0.5739 auroc=0.7926  1.3s
Ep  22  tr_loss=0.5435 auroc=0.8023  val_loss=0.6325 auroc=0.7494  1.3s
Ep  23  tr_loss=0.5122 auroc=0.8276  val_loss=0.6204 auroc=0.7544  1.3s
Ep  24  tr_loss=0.4877 auroc=0.8486  val_loss=0.5884 auroc=0.7544  1.3s
Ep  25  tr_loss=0.5291 auroc=0.8050  val_loss=0.5742 auroc=0.7870  1.3s
Ep  26  tr_loss=0.5255 auroc=0.8127  val_loss=0.5757 auroc=0.7719  1.3s
Ep  27  tr_loss=0.5190 auroc=0.8235  val_loss=0.5932 auroc=0.7697  1.3s
Ep  28  tr_loss=0.4893 auroc=0.8363  val_loss=0.5830 auroc=0.7688  1.3s
Ep  29  tr_loss=0.5013 auroc=0.8320  val_loss=0.5558 auroc=0.7957  1.3s
  → new best val AUROC: 0.7957
Ep  30  tr_loss=0.4816 auroc=0.8470  val_loss=0.6252 auroc=0.7650  1.3s
Ep  31  tr_loss=0.5321 auroc=0.8091  val_loss=0.6281 auroc=0.7801  1.3s
Ep  32  tr_loss=0.5061 auroc=0.8217  val_loss=0.6075 auroc=0.7669  1.3s
Ep  33  tr_loss=0.4884 auroc=0.8482  val_loss=0.6003 auroc=0.7675  1.3s
Ep  34  tr_loss=0.4774 auroc=0.8466  val_loss=0.7355 auroc=0.7801  1.3s
Ep  35  tr_loss=0.4763 auroc=0.8531  val_loss=0.6937 auroc=0.7513  1.3s
Ep  36  tr_loss=0.4689 auroc=0.8541  val_loss=0.6013 auroc=0.8039  1.3s
  → new best val AUROC: 0.8039
Ep  37  tr_loss=0.4784 auroc=0.8441  val_loss=0.5976 auroc=0.7820  1.3s
Ep  38  tr_loss=0.4743 auroc=0.8542  val_loss=0.6789 auroc=0.7888  1.3s
Ep  39  tr_loss=0.4520 auroc=0.8732  val_loss=0.5930 auroc=0.7707  1.3s
Ep  40  tr_loss=0.4581 auroc=0.8610  val_loss=0.6442 auroc=0.7494  1.3s
Ep  41  tr_loss=0.4276 auroc=0.8840  val_loss=0.6314 auroc=0.7563  1.3s
Ep  42  tr_loss=0.4350 auroc=0.8825  val_loss=0.5617 auroc=0.7932  1.3s
Ep  43  tr_loss=0.3968 auroc=0.9032  val_loss=0.6123 auroc=0.8114  1.3s
  → new best val AUROC: 0.8114
Ep  44  tr_loss=0.4347 auroc=0.8775  val_loss=0.6312 auroc=0.7726  1.3s
Ep  45  tr_loss=0.3933 auroc=0.9071  val_loss=0.6409 auroc=0.7701  1.3s
Ep  46  tr_loss=0.3758 auroc=0.9110  val_loss=0.6538 auroc=0.7666  1.3s
Ep  47  tr_loss=0.4912 auroc=0.8496  val_loss=0.5831 auroc=0.8020  1.3s
Ep  48  tr_loss=0.4206 auroc=0.8905  val_loss=0.6241 auroc=0.7431  1.3s
Ep  49  tr_loss=0.4265 auroc=0.8950  val_loss=0.6290 auroc=0.7863  1.3s
Ep  50  tr_loss=0.4388 auroc=0.8780  val_loss=0.6269 auroc=0.7788  1.3s
Ep  51  tr_loss=0.4002 auroc=0.8981  val_loss=0.6298 auroc=0.7845  1.3s
Ep  52  tr_loss=0.3981 auroc=0.8973  val_loss=0.6843 auroc=0.7607  1.3s
Ep  53  tr_loss=0.3907 auroc=0.9052  val_loss=0.7453 auroc=0.7957  1.3s
Early stopping at epoch 53 (patience=10)

Predictions → outputs/runs/ablation_pre_a/predictions.csv
Done.  Best val AUROC: 0.8114
DONE
=== ablation_contrast_4phase ===
Device: cuda  |  Run: ablation_contrast_4phase  |  Phases: ['C-pre', 'C+A', 'C+V', 'C+Delay']
Model parameters: 1,425,954
Ep   0  tr_loss=0.9572 auroc=0.5082  val_loss=0.6668 auroc=0.7077  3.2s
  → new best val AUROC: 0.7077
Ep   1  tr_loss=0.6952 auroc=0.5629  val_loss=0.6526 auroc=0.6898  2.6s
Ep   2  tr_loss=0.7035 auroc=0.5796  val_loss=0.6437 auroc=0.7149  2.6s
  → new best val AUROC: 0.7149
Ep   3  tr_loss=0.6841 auroc=0.5985  val_loss=0.6247 auroc=0.7306  2.5s
  → new best val AUROC: 0.7306
Ep   4  tr_loss=0.6672 auroc=0.6367  val_loss=0.6170 auroc=0.7368  2.5s
  → new best val AUROC: 0.7368
Ep   5  tr_loss=0.6495 auroc=0.6679  val_loss=0.6136 auroc=0.7406  2.6s
  → new best val AUROC: 0.7406
Ep   6  tr_loss=0.6334 auroc=0.6925  val_loss=0.6448 auroc=0.7368  2.6s
Ep   7  tr_loss=0.6138 auroc=0.7208  val_loss=0.5943 auroc=0.7500  2.6s
  → new best val AUROC: 0.7500
Ep   8  tr_loss=0.6207 auroc=0.7120  val_loss=0.5837 auroc=0.7657  2.6s
  → new best val AUROC: 0.7657
Ep   9  tr_loss=0.6187 auroc=0.7078  val_loss=0.6073 auroc=0.7362  2.6s
Ep  10  tr_loss=0.5839 auroc=0.7645  val_loss=0.5938 auroc=0.7337  2.5s
Ep  11  tr_loss=0.5811 auroc=0.7587  val_loss=0.6551 auroc=0.6472  2.5s
Ep  12  tr_loss=0.5758 auroc=0.7704  val_loss=0.7476 auroc=0.7249  2.6s
Ep  13  tr_loss=0.5796 auroc=0.7669  val_loss=0.6054 auroc=0.7707  2.6s
  → new best val AUROC: 0.7707
Ep  14  tr_loss=0.5974 auroc=0.7386  val_loss=0.5692 auroc=0.7732  2.5s
  → new best val AUROC: 0.7732
Ep  15  tr_loss=0.5705 auroc=0.7734  val_loss=0.8693 auroc=0.7093  2.6s
Ep  16  tr_loss=0.5707 auroc=0.7649  val_loss=0.5642 auroc=0.7744  2.6s
  → new best val AUROC: 0.7744
Ep  17  tr_loss=0.5493 auroc=0.7987  val_loss=0.5513 auroc=0.7863  2.6s
  → new best val AUROC: 0.7863
Ep  18  tr_loss=0.5423 auroc=0.8076  val_loss=0.5696 auroc=0.7995  2.5s
  → new best val AUROC: 0.7995
Ep  19  tr_loss=0.5221 auroc=0.8209  val_loss=0.6165 auroc=0.7231  2.6s
Ep  20  tr_loss=0.6287 auroc=0.7436  val_loss=0.5706 auroc=0.8208  2.6s
  → new best val AUROC: 0.8208
Ep  21  tr_loss=0.5548 auroc=0.8055  val_loss=0.6132 auroc=0.7882  2.5s
Ep  22  tr_loss=0.5215 auroc=0.8163  val_loss=0.5562 auroc=0.7964  2.5s
Ep  23  tr_loss=0.4839 auroc=0.8523  val_loss=0.6469 auroc=0.8048  2.5s
Ep  24  tr_loss=0.5357 auroc=0.8078  val_loss=0.5338 auroc=0.8289  2.6s
  → new best val AUROC: 0.8289
Ep  25  tr_loss=0.5320 auroc=0.8245  val_loss=0.7778 auroc=0.7782  2.6s
Ep  26  tr_loss=0.4930 auroc=0.8383  val_loss=0.5408 auroc=0.7939  2.6s
Ep  27  tr_loss=0.4780 auroc=0.8551  val_loss=0.5066 auroc=0.8534  2.5s
  → new best val AUROC: 0.8534
Ep  28  tr_loss=0.4604 auroc=0.8689  val_loss=0.5289 auroc=0.8362  2.5s
Ep  29  tr_loss=0.4573 auroc=0.8687  val_loss=0.6798 auroc=0.8941  2.6s
  → new best val AUROC: 0.8941
Ep  30  tr_loss=0.4524 auroc=0.8698  val_loss=0.5071 auroc=0.8941  2.5s
Ep  31  tr_loss=0.4012 auroc=0.9040  val_loss=0.5084 auroc=0.9104  2.6s
  → new best val AUROC: 0.9104
Ep  32  tr_loss=0.3939 auroc=0.9058  val_loss=0.8833 auroc=0.8139  2.6s
Ep  33  tr_loss=0.3747 auroc=0.9129  val_loss=0.4645 auroc=0.8916  2.5s
Ep  34  tr_loss=0.3859 auroc=0.9064  val_loss=0.4022 auroc=0.9142  2.5s
  → new best val AUROC: 0.9142
Ep  35  tr_loss=0.3862 auroc=0.9081  val_loss=0.5273 auroc=0.8321  2.6s
Ep  36  tr_loss=0.4695 auroc=0.8679  val_loss=0.3921 auroc=0.9098  2.5s
Ep  37  tr_loss=0.3949 auroc=0.9066  val_loss=0.5274 auroc=0.8972  2.6s
Ep  38  tr_loss=0.4088 auroc=0.8945  val_loss=0.4525 auroc=0.8853  2.6s
Ep  39  tr_loss=0.3272 auroc=0.9366  val_loss=0.5305 auroc=0.9098  2.6s
Ep  40  tr_loss=0.3872 auroc=0.9088  val_loss=0.5320 auroc=0.8609  2.6s
Ep  41  tr_loss=0.3757 auroc=0.9132  val_loss=0.5879 auroc=0.8784  2.6s
Ep  42  tr_loss=0.4193 auroc=0.8905  val_loss=0.4491 auroc=0.8741  2.6s
Ep  43  tr_loss=0.3777 auroc=0.9236  val_loss=0.4736 auroc=0.8784  2.6s
Ep  44  tr_loss=0.3340 auroc=0.9316  val_loss=0.3961 auroc=0.9142  2.6s
Early stopping at epoch 44 (patience=10)

Predictions → outputs/runs/ablation_contrast_4phase/predictions.csv
Done.  Best val AUROC: 0.9142
DONE
=== ablation_all_8 ===
Device: cuda  |  Run: ablation_all_8  |  Phases: ['C-pre', 'C+A', 'C+V', 'C+Delay', 'T2WI', 'DWI', 'InPhase', 'OutPhase']
Model parameters: 1,688,098
Ep   0  tr_loss=1.1035 auroc=0.5550  val_loss=0.6681 auroc=0.6711  6.3s
  → new best val AUROC: 0.6711
Ep   1  tr_loss=0.7196 auroc=0.5863  val_loss=0.7087 auroc=0.6570  5.3s
Ep   2  tr_loss=0.6992 auroc=0.6311  val_loss=0.6218 auroc=0.6811  5.2s
  → new best val AUROC: 0.6811
Ep   3  tr_loss=0.6463 auroc=0.6806  val_loss=0.6774 auroc=0.6660  5.2s
Ep   4  tr_loss=0.6438 auroc=0.6807  val_loss=0.6269 auroc=0.6942  5.2s
  → new best val AUROC: 0.6942
Ep   5  tr_loss=0.6381 auroc=0.7101  val_loss=0.6157 auroc=0.7005  5.1s
  → new best val AUROC: 0.7005
Ep   6  tr_loss=0.6293 auroc=0.7327  val_loss=0.6222 auroc=0.7387  5.1s
  → new best val AUROC: 0.7387
Ep   7  tr_loss=0.6446 auroc=0.6879  val_loss=0.6378 auroc=0.7199  5.2s
Ep   8  tr_loss=0.6338 auroc=0.6930  val_loss=0.6219 auroc=0.7274  5.2s
Ep   9  tr_loss=0.5997 auroc=0.7455  val_loss=0.5981 auroc=0.7450  5.2s
  → new best val AUROC: 0.7450
Ep  10  tr_loss=0.5739 auroc=0.7673  val_loss=0.5999 auroc=0.7976  5.1s
  → new best val AUROC: 0.7976
Ep  11  tr_loss=0.5850 auroc=0.7670  val_loss=0.5672 auroc=0.7719  5.2s
Ep  12  tr_loss=0.5473 auroc=0.8025  val_loss=0.5833 auroc=0.8039  5.1s
  → new best val AUROC: 0.8039
Ep  13  tr_loss=0.5933 auroc=0.7676  val_loss=0.5884 auroc=0.8221  5.1s
  → new best val AUROC: 0.8221
Ep  14  tr_loss=0.5382 auroc=0.8266  val_loss=0.5167 auroc=0.8377  5.0s
  → new best val AUROC: 0.8377
Ep  15  tr_loss=0.5340 auroc=0.8146  val_loss=0.6854 auroc=0.7951  5.1s
Ep  16  tr_loss=0.5108 auroc=0.8276  val_loss=0.4882 auroc=0.8358  5.1s
Ep  17  tr_loss=0.4652 auroc=0.8652  val_loss=0.5797 auroc=0.8377  5.2s
  → new best val AUROC: 0.8377
Ep  18  tr_loss=0.4421 auroc=0.8784  val_loss=0.5373 auroc=0.8462  5.1s
  → new best val AUROC: 0.8462
Ep  19  tr_loss=0.4705 auroc=0.8588  val_loss=0.5316 auroc=0.8252  5.1s
Ep  20  tr_loss=0.4543 auroc=0.8731  val_loss=0.5753 auroc=0.8214  5.3s
Ep  21  tr_loss=0.4569 auroc=0.8691  val_loss=0.5231 auroc=0.8471  5.2s
  → new best val AUROC: 0.8471
Ep  22  tr_loss=0.4131 auroc=0.8945  val_loss=0.7545 auroc=0.8346  5.2s
Ep  23  tr_loss=0.4527 auroc=0.8665  val_loss=0.5905 auroc=0.8371  5.1s
Ep  24  tr_loss=0.3894 auroc=0.9087  val_loss=0.6452 auroc=0.8427  5.3s
Ep  25  tr_loss=0.3867 auroc=0.9049  val_loss=0.6024 auroc=0.8546  5.3s
  → new best val AUROC: 0.8546
Ep  26  tr_loss=0.3550 auroc=0.9229  val_loss=0.7069 auroc=0.8396  5.1s
Ep  27  tr_loss=0.4042 auroc=0.8976  val_loss=0.6340 auroc=0.8258  5.1s
Ep  28  tr_loss=0.4484 auroc=0.8741  val_loss=0.6683 auroc=0.8474  5.1s
Ep  29  tr_loss=0.3586 auroc=0.9333  val_loss=0.5847 auroc=0.8352  5.2s
Ep  30  tr_loss=0.3781 auroc=0.9172  val_loss=1.0078 auroc=0.8565  5.2s
  → new best val AUROC: 0.8565
Ep  31  tr_loss=0.3804 auroc=0.9088  val_loss=0.5960 auroc=0.8515  5.1s
Ep  32  tr_loss=0.3108 auroc=0.9426  val_loss=0.7482 auroc=0.8546  5.1s
Ep  33  tr_loss=0.3572 auroc=0.9209  val_loss=0.7037 auroc=0.8703  5.2s
  → new best val AUROC: 0.8703
Ep  34  tr_loss=0.3180 auroc=0.9394  val_loss=0.5956 auroc=0.8390  5.2s
Ep  35  tr_loss=0.2854 auroc=0.9537  val_loss=0.6544 auroc=0.8678  5.1s
Ep  36  tr_loss=0.3024 auroc=0.9483  val_loss=1.1966 auroc=0.8484  5.3s
Ep  37  tr_loss=0.3657 auroc=0.9217  val_loss=0.7116 auroc=0.8340  5.3s
Ep  38  tr_loss=0.3405 auroc=0.9326  val_loss=0.5643 auroc=0.8521  5.1s
Ep  39  tr_loss=0.2918 auroc=0.9537  val_loss=0.6471 auroc=0.8415  5.2s
Ep  40  tr_loss=0.2674 auroc=0.9563  val_loss=0.8126 auroc=0.8665  5.2s
Ep  41  tr_loss=0.2810 auroc=0.9514  val_loss=0.9154 auroc=0.8665  5.3s
Ep  42  tr_loss=0.2762 auroc=0.9538  val_loss=0.6016 auroc=0.8578  5.3s
Ep  43  tr_loss=0.2448 auroc=0.9672  val_loss=0.7687 auroc=0.8753  5.2s
  → new best val AUROC: 0.8753
Ep  44  tr_loss=0.3013 auroc=0.9454  val_loss=0.6364 auroc=0.8741  5.2s
Ep  45  tr_loss=0.2580 auroc=0.9620  val_loss=0.8363 auroc=0.8741  5.1s
Ep  46  tr_loss=0.2653 auroc=0.9578  val_loss=0.7341 auroc=0.8709  5.3s
Ep  47  tr_loss=0.2195 auroc=0.9724  val_loss=0.7632 auroc=0.8747  5.2s
Ep  48  tr_loss=0.2174 auroc=0.9727  val_loss=1.0022 auroc=0.8521  5.2s
Ep  49  tr_loss=0.2198 auroc=0.9716  val_loss=0.7969 auroc=0.8521  5.2s
Ep  50  tr_loss=0.2245 auroc=0.9706  val_loss=1.3090 auroc=0.8484  5.3s
Ep  51  tr_loss=0.2683 auroc=0.9552  val_loss=1.2620 auroc=0.8609  5.1s
Ep  52  tr_loss=0.2397 auroc=0.9666  val_loss=0.6328 auroc=0.8684  5.4s
Ep  53  tr_loss=0.2336 auroc=0.9677  val_loss=0.9217 auroc=0.8540  5.4s
Early stopping at epoch 53 (patience=10)

Predictions → outputs/runs/ablation_all_8/predictions.csv
Done.  Best val AUROC: 0.8753
DONE
=== per_phase_C_pre ===
Device: cuda  |  Run: per_phase_C_pre  |  Phases: ['C-pre']
Model parameters: 1,229,346
Ep   0  tr_loss=0.7363 auroc=0.5531  val_loss=0.6480 auroc=0.6855  1.1s
  → new best val AUROC: 0.6855
Ep   1  tr_loss=0.6876 auroc=0.6010  val_loss=0.7108 auroc=0.5977  0.7s
Ep   2  tr_loss=0.7057 auroc=0.5541  val_loss=0.6530 auroc=0.6736  0.6s
Ep   3  tr_loss=0.7077 auroc=0.5504  val_loss=0.6794 auroc=0.6717  0.7s
Ep   4  tr_loss=0.6963 auroc=0.5794  val_loss=0.6445 auroc=0.6842  0.7s
Ep   5  tr_loss=0.6840 auroc=0.6054  val_loss=0.6569 auroc=0.6685  0.7s
Ep   6  tr_loss=0.6603 auroc=0.6406  val_loss=0.6455 auroc=0.7118  0.7s
  → new best val AUROC: 0.7118
Ep   7  tr_loss=0.6653 auroc=0.6343  val_loss=0.6586 auroc=0.6817  0.7s
Ep   8  tr_loss=0.6573 auroc=0.6605  val_loss=0.6182 auroc=0.7143  0.6s
  → new best val AUROC: 0.7143
Ep   9  tr_loss=0.6587 auroc=0.6642  val_loss=0.6233 auroc=0.7043  0.6s
Ep  10  tr_loss=0.6467 auroc=0.6781  val_loss=0.6191 auroc=0.7199  0.7s
  → new best val AUROC: 0.7199
Ep  11  tr_loss=0.6604 auroc=0.6473  val_loss=0.6376 auroc=0.6936  0.7s
Ep  12  tr_loss=0.6616 auroc=0.6523  val_loss=0.6164 auroc=0.7099  0.7s
Ep  13  tr_loss=0.6554 auroc=0.6542  val_loss=0.6089 auroc=0.7381  0.7s
  → new best val AUROC: 0.7381
Ep  14  tr_loss=0.6467 auroc=0.6711  val_loss=0.6230 auroc=0.7368  0.7s
Ep  15  tr_loss=0.6495 auroc=0.6543  val_loss=0.6217 auroc=0.7268  0.6s
Ep  16  tr_loss=0.6643 auroc=0.6229  val_loss=0.6187 auroc=0.7256  0.7s
Ep  17  tr_loss=0.6332 auroc=0.7061  val_loss=0.6190 auroc=0.7149  0.7s
Ep  18  tr_loss=0.6633 auroc=0.6565  val_loss=0.6214 auroc=0.7155  0.7s
Ep  19  tr_loss=0.6468 auroc=0.6783  val_loss=0.6154 auroc=0.7525  0.7s
  → new best val AUROC: 0.7525
Ep  20  tr_loss=0.6208 auroc=0.7165  val_loss=0.6336 auroc=0.7043  0.7s
Ep  21  tr_loss=0.6275 auroc=0.7055  val_loss=0.6122 auroc=0.7400  0.7s
Ep  22  tr_loss=0.6375 auroc=0.6989  val_loss=0.6110 auroc=0.7237  0.7s
Ep  23  tr_loss=0.6231 auroc=0.6971  val_loss=0.6188 auroc=0.7143  0.7s
Ep  24  tr_loss=0.6323 auroc=0.6936  val_loss=0.6264 auroc=0.7206  0.7s
Ep  25  tr_loss=0.6204 auroc=0.7046  val_loss=0.6843 auroc=0.6579  0.7s
Ep  26  tr_loss=0.6220 auroc=0.7178  val_loss=0.6617 auroc=0.7174  0.7s
Ep  27  tr_loss=0.6266 auroc=0.7181  val_loss=0.6967 auroc=0.6748  0.6s
Ep  28  tr_loss=0.6380 auroc=0.6677  val_loss=0.6238 auroc=0.7262  0.7s
Ep  29  tr_loss=0.6049 auroc=0.7304  val_loss=0.6574 auroc=0.7343  0.7s
Early stopping at epoch 29 (patience=10)

Predictions → outputs/runs/per_phase_C_pre/predictions.csv
Done.  Best val AUROC: 0.7525
DONE
=== per_phase_C_A ===
Device: cuda  |  Run: per_phase_C_A  |  Phases: ['C+A']
Model parameters: 1,229,346
Ep   0  tr_loss=0.7343 auroc=0.5287  val_loss=0.6877 auroc=0.6206  1.1s
  → new best val AUROC: 0.6206
Ep   1  tr_loss=0.7044 auroc=0.5611  val_loss=0.7179 auroc=0.7350  0.7s
  → new best val AUROC: 0.7350
Ep   2  tr_loss=0.6937 auroc=0.6180  val_loss=0.6572 auroc=0.7365  0.6s
  → new best val AUROC: 0.7365
Ep   3  tr_loss=0.6718 auroc=0.6260  val_loss=0.6691 auroc=0.7193  0.6s
Ep   4  tr_loss=0.6595 auroc=0.6404  val_loss=0.6299 auroc=0.7281  0.7s
Ep   5  tr_loss=0.6416 auroc=0.6644  val_loss=0.7481 auroc=0.7437  0.6s
  → new best val AUROC: 0.7437
Ep   6  tr_loss=0.6198 auroc=0.6958  val_loss=0.6666 auroc=0.7403  0.6s
Ep   7  tr_loss=0.6238 auroc=0.7065  val_loss=0.6599 auroc=0.7130  0.6s
Ep   8  tr_loss=0.6138 auroc=0.7197  val_loss=0.6595 auroc=0.7632  0.7s
  → new best val AUROC: 0.7632
Ep   9  tr_loss=0.5993 auroc=0.7268  val_loss=0.5998 auroc=0.7393  0.7s
Ep  10  tr_loss=0.5966 auroc=0.7467  val_loss=0.6849 auroc=0.7594  0.7s
Ep  11  tr_loss=0.6029 auroc=0.7316  val_loss=0.6510 auroc=0.7287  0.6s
Ep  12  tr_loss=0.6125 auroc=0.7166  val_loss=0.6409 auroc=0.7575  0.7s
Ep  13  tr_loss=0.5894 auroc=0.7518  val_loss=0.6161 auroc=0.7281  0.7s
Ep  14  tr_loss=0.5629 auroc=0.7715  val_loss=0.6840 auroc=0.7274  0.7s
Ep  15  tr_loss=0.5450 auroc=0.7746  val_loss=0.6107 auroc=0.7650  0.7s
  → new best val AUROC: 0.7650
Ep  16  tr_loss=0.5623 auroc=0.7716  val_loss=1.1043 auroc=0.7256  0.7s
Ep  17  tr_loss=0.5403 auroc=0.8042  val_loss=0.6109 auroc=0.7694  0.7s
  → new best val AUROC: 0.7694
Ep  18  tr_loss=0.5705 auroc=0.7696  val_loss=0.6033 auroc=0.7415  0.7s
Ep  19  tr_loss=0.5492 auroc=0.7983  val_loss=0.6234 auroc=0.6986  0.7s
Ep  20  tr_loss=0.5482 auroc=0.7956  val_loss=0.7158 auroc=0.7372  0.7s
Ep  21  tr_loss=0.5430 auroc=0.7958  val_loss=0.6415 auroc=0.7024  0.7s
Ep  22  tr_loss=0.4981 auroc=0.8408  val_loss=0.6200 auroc=0.7481  0.7s
Ep  23  tr_loss=0.5423 auroc=0.7997  val_loss=0.6023 auroc=0.7544  0.7s
Ep  24  tr_loss=0.4949 auroc=0.8417  val_loss=0.6065 auroc=0.7632  0.7s
Ep  25  tr_loss=0.5245 auroc=0.8188  val_loss=0.6387 auroc=0.7155  0.6s
Ep  26  tr_loss=0.5325 auroc=0.8076  val_loss=0.5951 auroc=0.7456  0.7s
Ep  27  tr_loss=0.4815 auroc=0.8542  val_loss=0.6791 auroc=0.7588  0.7s
Early stopping at epoch 27 (patience=10)

Predictions → outputs/runs/per_phase_C_A/predictions.csv
Done.  Best val AUROC: 0.7694
DONE
=== per_phase_C_V ===
Device: cuda  |  Run: per_phase_C_V  |  Phases: ['C+V']
Model parameters: 1,229,346
Ep   0  tr_loss=0.7494 auroc=0.5251  val_loss=0.6782 auroc=0.6588  1.1s
  → new best val AUROC: 0.6588
Ep   1  tr_loss=0.6831 auroc=0.6295  val_loss=0.7867 auroc=0.6645  0.7s
  → new best val AUROC: 0.6645
Ep   2  tr_loss=0.6772 auroc=0.5996  val_loss=0.6498 auroc=0.7140  0.7s
  → new best val AUROC: 0.7140
Ep   3  tr_loss=0.6617 auroc=0.6529  val_loss=0.7257 auroc=0.6967  0.6s
Ep   4  tr_loss=0.6469 auroc=0.6696  val_loss=0.6323 auroc=0.6898  0.7s
Ep   5  tr_loss=0.6276 auroc=0.7085  val_loss=0.6433 auroc=0.6898  0.7s
Ep   6  tr_loss=0.6171 auroc=0.7136  val_loss=0.6031 auroc=0.7187  0.7s
  → new best val AUROC: 0.7187
Ep   7  tr_loss=0.6183 auroc=0.7143  val_loss=0.6321 auroc=0.7506  0.7s
  → new best val AUROC: 0.7506
Ep   8  tr_loss=0.5993 auroc=0.7389  val_loss=0.6962 auroc=0.7074  0.7s
Ep   9  tr_loss=0.5930 auroc=0.7538  val_loss=0.6639 auroc=0.7083  0.6s
Ep  10  tr_loss=0.5829 auroc=0.7714  val_loss=0.5934 auroc=0.7506  0.7s
Ep  11  tr_loss=0.5771 auroc=0.7714  val_loss=0.6368 auroc=0.7682  0.7s
  → new best val AUROC: 0.7682
Ep  12  tr_loss=0.6266 auroc=0.7050  val_loss=0.7388 auroc=0.7663  0.7s
Ep  13  tr_loss=0.5786 auroc=0.7681  val_loss=0.5831 auroc=0.7688  0.7s
  → new best val AUROC: 0.7688
Ep  14  tr_loss=0.5559 auroc=0.7991  val_loss=0.6017 auroc=0.7632  0.7s
Ep  15  tr_loss=0.5891 auroc=0.7496  val_loss=0.5709 auroc=0.7926  0.7s
  → new best val AUROC: 0.7926
Ep  16  tr_loss=0.5466 auroc=0.8053  val_loss=0.7557 auroc=0.7325  0.7s
Ep  17  tr_loss=0.5136 auroc=0.8293  val_loss=0.5657 auroc=0.7907  0.7s
Ep  18  tr_loss=0.5498 auroc=0.8064  val_loss=1.1273 auroc=0.7444  0.6s
Ep  19  tr_loss=0.5723 auroc=0.7807  val_loss=0.5737 auroc=0.8158  0.7s
  → new best val AUROC: 0.8158
Ep  20  tr_loss=0.5636 auroc=0.7911  val_loss=0.5529 auroc=0.8158  0.7s
  → new best val AUROC: 0.8158
Ep  21  tr_loss=0.5239 auroc=0.8284  val_loss=0.5244 auroc=0.8233  0.7s
  → new best val AUROC: 0.8233
Ep  22  tr_loss=0.4859 auroc=0.8530  val_loss=0.5996 auroc=0.8559  0.7s
  → new best val AUROC: 0.8559
Ep  23  tr_loss=0.5277 auroc=0.8122  val_loss=0.5188 auroc=0.8308  0.7s
Ep  24  tr_loss=0.4897 auroc=0.8524  val_loss=0.5976 auroc=0.8315  0.7s
Ep  25  tr_loss=0.4479 auroc=0.8784  val_loss=0.5369 auroc=0.8289  0.7s
Ep  26  tr_loss=0.5496 auroc=0.8113  val_loss=0.7458 auroc=0.7271  0.7s
Ep  27  tr_loss=0.4929 auroc=0.8423  val_loss=0.9411 auroc=0.7556  0.7s
Ep  28  tr_loss=0.5485 auroc=0.7974  val_loss=0.5057 auroc=0.8402  0.7s
Ep  29  tr_loss=0.5218 auroc=0.8195  val_loss=0.6611 auroc=0.8076  0.7s
Ep  30  tr_loss=0.4629 auroc=0.8719  val_loss=0.5373 auroc=0.8622  0.7s
  → new best val AUROC: 0.8622
Ep  31  tr_loss=0.4201 auroc=0.8915  val_loss=0.5244 auroc=0.8402  0.7s
Ep  32  tr_loss=0.4904 auroc=0.8548  val_loss=0.6538 auroc=0.7356  0.7s
Ep  33  tr_loss=0.5135 auroc=0.8246  val_loss=0.4566 auroc=0.8772  0.7s
  → new best val AUROC: 0.8772
Ep  34  tr_loss=0.4547 auroc=0.8694  val_loss=0.5010 auroc=0.8534  0.7s
Ep  35  tr_loss=0.4434 auroc=0.8796  val_loss=0.5443 auroc=0.8208  0.7s
Ep  36  tr_loss=0.4342 auroc=0.8782  val_loss=0.4887 auroc=0.8741  0.7s
Ep  37  tr_loss=0.4350 auroc=0.8782  val_loss=0.4051 auroc=0.9004  0.7s
  → new best val AUROC: 0.9004
Ep  38  tr_loss=0.4336 auroc=0.8798  val_loss=0.4302 auroc=0.8947  0.7s
Ep  39  tr_loss=0.3894 auroc=0.9056  val_loss=0.5298 auroc=0.8346  0.7s
Ep  40  tr_loss=0.4196 auroc=0.8909  val_loss=0.5044 auroc=0.8822  0.7s
Ep  41  tr_loss=0.4048 auroc=0.8996  val_loss=0.5307 auroc=0.8465  0.7s
Ep  42  tr_loss=0.4088 auroc=0.9045  val_loss=0.6037 auroc=0.8383  0.7s
Ep  43  tr_loss=0.3997 auroc=0.9042  val_loss=0.9865 auroc=0.8515  0.7s
Ep  44  tr_loss=0.3801 auroc=0.9118  val_loss=0.6985 auroc=0.8095  0.6s
Ep  45  tr_loss=0.3979 auroc=0.9006  val_loss=0.4839 auroc=0.8766  0.7s
Ep  46  tr_loss=0.3734 auroc=0.9151  val_loss=0.4962 auroc=0.8496  0.7s
Ep  47  tr_loss=0.3521 auroc=0.9248  val_loss=0.4901 auroc=0.8484  0.7s
Early stopping at epoch 47 (patience=10)

Predictions → outputs/runs/per_phase_C_V/predictions.csv
Done.  Best val AUROC: 0.9004
DONE
=== per_phase_C_Delay ===
Device: cuda  |  Run: per_phase_C_Delay  |  Phases: ['C+Delay']
Model parameters: 1,229,346
Ep   0  tr_loss=0.7517 auroc=0.5310  val_loss=0.6886 auroc=0.6582  1.1s
  → new best val AUROC: 0.6582
Ep   1  tr_loss=0.6760 auroc=0.6493  val_loss=0.8426 auroc=0.6667  0.6s
  → new best val AUROC: 0.6667
Ep   2  tr_loss=0.6741 auroc=0.6210  val_loss=0.6417 auroc=0.7274  0.7s
  → new best val AUROC: 0.7274
Ep   3  tr_loss=0.6736 auroc=0.6278  val_loss=0.6898 auroc=0.7199  0.7s
Ep   4  tr_loss=0.6564 auroc=0.6561  val_loss=0.6357 auroc=0.6848  0.7s
Ep   5  tr_loss=0.6369 auroc=0.6912  val_loss=0.6348 auroc=0.7215  0.7s
Ep   6  tr_loss=0.6184 auroc=0.7123  val_loss=0.6180 auroc=0.7306  0.7s
  → new best val AUROC: 0.7306
Ep   7  tr_loss=0.6088 auroc=0.7332  val_loss=0.7312 auroc=0.6855  0.7s
Ep   8  tr_loss=0.6056 auroc=0.7324  val_loss=0.8774 auroc=0.6654  0.7s
Ep   9  tr_loss=0.5908 auroc=0.7552  val_loss=0.6657 auroc=0.7318  0.7s
  → new best val AUROC: 0.7318
Ep  10  tr_loss=0.5651 auroc=0.7815  val_loss=0.6575 auroc=0.7531  0.6s
  → new best val AUROC: 0.7531
Ep  11  tr_loss=0.5686 auroc=0.7827  val_loss=0.6092 auroc=0.8020  0.7s
  → new best val AUROC: 0.8020
Ep  12  tr_loss=0.6057 auroc=0.7484  val_loss=0.6602 auroc=0.7782  0.7s
Ep  13  tr_loss=0.5583 auroc=0.7894  val_loss=0.6273 auroc=0.7450  0.7s
Ep  14  tr_loss=0.5289 auroc=0.8107  val_loss=0.5527 auroc=0.8164  0.7s
  → new best val AUROC: 0.8164
Ep  15  tr_loss=0.5647 auroc=0.7812  val_loss=0.6191 auroc=0.8195  0.7s
  → new best val AUROC: 0.8195
Ep  16  tr_loss=0.5488 auroc=0.8000  val_loss=0.5516 auroc=0.8120  0.7s
Ep  17  tr_loss=0.5035 auroc=0.8401  val_loss=0.5199 auroc=0.8427  0.6s
  → new best val AUROC: 0.8427
Ep  18  tr_loss=0.5176 auroc=0.8270  val_loss=0.5645 auroc=0.8434  0.7s
  → new best val AUROC: 0.8434
Ep  19  tr_loss=0.5451 auroc=0.8045  val_loss=0.5865 auroc=0.8283  0.7s
Ep  20  tr_loss=0.5597 auroc=0.8026  val_loss=0.5139 auroc=0.8534  0.7s
  → new best val AUROC: 0.8534
Ep  21  tr_loss=0.5143 auroc=0.8305  val_loss=0.6992 auroc=0.8321  0.7s
Ep  22  tr_loss=0.5113 auroc=0.8343  val_loss=0.8274 auroc=0.8690  0.7s
  → new best val AUROC: 0.8690
Ep  23  tr_loss=0.4850 auroc=0.8483  val_loss=0.5762 auroc=0.8271  0.7s
Ep  24  tr_loss=0.4836 auroc=0.8511  val_loss=0.5126 auroc=0.8402  0.7s
Ep  25  tr_loss=0.4394 auroc=0.8754  val_loss=0.5101 auroc=0.8534  0.7s
Ep  26  tr_loss=0.5028 auroc=0.8330  val_loss=0.5411 auroc=0.8609  0.7s
Ep  27  tr_loss=0.4594 auroc=0.8658  val_loss=0.6866 auroc=0.8102  0.7s
Ep  28  tr_loss=0.5067 auroc=0.8304  val_loss=0.6660 auroc=0.8459  0.7s
Ep  29  tr_loss=0.4937 auroc=0.8466  val_loss=0.6860 auroc=0.8596  0.7s
Ep  30  tr_loss=0.4725 auroc=0.8564  val_loss=0.6652 auroc=0.8340  0.7s
Ep  31  tr_loss=0.4432 auroc=0.8746  val_loss=0.4868 auroc=0.8672  0.7s
Ep  32  tr_loss=0.4305 auroc=0.8867  val_loss=0.5659 auroc=0.8183  0.7s
Early stopping at epoch 32 (patience=10)

Predictions → outputs/runs/per_phase_C_Delay/predictions.csv
Done.  Best val AUROC: 0.8690
DONE
=== per_phase_T2WI ===
Device: cuda  |  Run: per_phase_T2WI  |  Phases: ['T2WI']
Model parameters: 1,229,346
Ep   0  tr_loss=0.7171 auroc=0.6188  val_loss=0.6693 auroc=0.7425  1.1s
  → new best val AUROC: 0.7425
Ep   1  tr_loss=0.6604 auroc=0.6845  val_loss=0.6675 auroc=0.7538  0.7s
  → new best val AUROC: 0.7538
Ep   2  tr_loss=0.6374 auroc=0.7015  val_loss=0.7315 auroc=0.7600  0.7s
  → new best val AUROC: 0.7600
Ep   3  tr_loss=0.6320 auroc=0.7002  val_loss=0.7152 auroc=0.7581  0.7s
Ep   4  tr_loss=0.6320 auroc=0.7062  val_loss=0.6309 auroc=0.7663  0.7s
  → new best val AUROC: 0.7663
Ep   5  tr_loss=0.6305 auroc=0.7074  val_loss=0.5924 auroc=0.7719  0.7s
  → new best val AUROC: 0.7719
Ep   6  tr_loss=0.5922 auroc=0.7439  val_loss=0.5705 auroc=0.7920  0.7s
  → new best val AUROC: 0.7920
Ep   7  tr_loss=0.6118 auroc=0.7267  val_loss=0.7136 auroc=0.7274  0.7s
Ep   8  tr_loss=0.5993 auroc=0.7447  val_loss=0.8623 auroc=0.7845  0.7s
Ep   9  tr_loss=0.5817 auroc=0.7653  val_loss=0.6548 auroc=0.8008  0.6s
  → new best val AUROC: 0.8008
Ep  10  tr_loss=0.5667 auroc=0.7711  val_loss=0.5878 auroc=0.7838  0.7s
Ep  11  tr_loss=0.5620 auroc=0.7821  val_loss=0.6032 auroc=0.7970  0.7s
Ep  12  tr_loss=0.5751 auroc=0.7722  val_loss=0.6538 auroc=0.8239  0.7s
  → new best val AUROC: 0.8239
Ep  13  tr_loss=0.5663 auroc=0.7891  val_loss=0.6654 auroc=0.7932  0.7s
Ep  14  tr_loss=0.5320 auroc=0.8107  val_loss=0.5573 auroc=0.7989  0.7s
Ep  15  tr_loss=0.5407 auroc=0.7954  val_loss=0.5900 auroc=0.7895  0.7s
Ep  16  tr_loss=0.5624 auroc=0.7868  val_loss=0.7393 auroc=0.8114  0.7s
Ep  17  tr_loss=0.5199 auroc=0.8347  val_loss=0.8788 auroc=0.7807  0.7s
Ep  18  tr_loss=0.5083 auroc=0.8317  val_loss=0.7998 auroc=0.8020  0.7s
Ep  19  tr_loss=0.5385 auroc=0.8037  val_loss=0.6470 auroc=0.6529  0.7s
Ep  20  tr_loss=0.5064 auroc=0.8424  val_loss=0.5628 auroc=0.8001  0.7s
Ep  21  tr_loss=0.5310 auroc=0.8126  val_loss=0.6469 auroc=0.7914  0.7s
Ep  22  tr_loss=0.4868 auroc=0.8447  val_loss=0.6567 auroc=0.7820  0.7s
Early stopping at epoch 22 (patience=10)

Predictions → outputs/runs/per_phase_T2WI/predictions.csv
Done.  Best val AUROC: 0.8239
DONE
=== per_phase_DWI ===
Device: cuda  |  Run: per_phase_DWI  |  Phases: ['DWI']
Model parameters: 1,229,346
Ep   0  tr_loss=0.7160 auroc=0.5664  val_loss=1.4112 auroc=0.5959  1.1s
  → new best val AUROC: 0.5959
Ep   1  tr_loss=0.6782 auroc=0.6394  val_loss=0.6607 auroc=0.6447  0.7s
  → new best val AUROC: 0.6447
Ep   2  tr_loss=0.6754 auroc=0.6058  val_loss=0.6531 auroc=0.6532  0.6s
  → new best val AUROC: 0.6532
Ep   3  tr_loss=0.6441 auroc=0.6944  val_loss=0.6451 auroc=0.6673  0.6s
  → new best val AUROC: 0.6673
Ep   4  tr_loss=0.6570 auroc=0.6653  val_loss=0.6495 auroc=0.6535  0.6s
Ep   5  tr_loss=0.6432 auroc=0.6844  val_loss=0.6518 auroc=0.6783  0.7s
  → new best val AUROC: 0.6783
Ep   6  tr_loss=0.6129 auroc=0.7254  val_loss=0.6452 auroc=0.6698  0.7s
Ep   7  tr_loss=0.6144 auroc=0.7097  val_loss=0.6557 auroc=0.6460  0.7s
Ep   8  tr_loss=0.6090 auroc=0.7211  val_loss=0.6967 auroc=0.5959  0.7s
Ep   9  tr_loss=0.6279 auroc=0.6913  val_loss=0.6585 auroc=0.6510  0.7s
Ep  10  tr_loss=0.6062 auroc=0.7339  val_loss=0.6560 auroc=0.6617  0.7s
Ep  11  tr_loss=0.6021 auroc=0.7280  val_loss=0.6479 auroc=0.6623  0.7s
Ep  12  tr_loss=0.6293 auroc=0.7070  val_loss=0.6967 auroc=0.6642  0.7s
Ep  13  tr_loss=0.6190 auroc=0.7131  val_loss=0.6501 auroc=0.6554  0.7s
Ep  14  tr_loss=0.6060 auroc=0.7411  val_loss=0.6569 auroc=0.6654  0.7s
Ep  15  tr_loss=0.6036 auroc=0.7278  val_loss=0.6782 auroc=0.6529  0.7s
Early stopping at epoch 15 (patience=10)

Predictions → outputs/runs/per_phase_DWI/predictions.csv
Done.  Best val AUROC: 0.6783
DONE
=== per_phase_InPhase ===
Device: cuda  |  Run: per_phase_InPhase  |  Phases: ['InPhase']
Model parameters: 1,229,346
Ep   0  tr_loss=0.7140 auroc=0.5905  val_loss=0.7619 auroc=0.6898  1.1s
  → new best val AUROC: 0.6898
Ep   1  tr_loss=0.6680 auroc=0.6409  val_loss=0.6477 auroc=0.7162  0.7s
  → new best val AUROC: 0.7162
Ep   2  tr_loss=0.6678 auroc=0.6416  val_loss=0.6661 auroc=0.7704  0.7s
  → new best val AUROC: 0.7704
Ep   3  tr_loss=0.6785 auroc=0.6262  val_loss=0.6784 auroc=0.7619  0.7s
Ep   4  tr_loss=0.6803 auroc=0.6327  val_loss=0.6913 auroc=0.7393  0.7s
Ep   5  tr_loss=0.6598 auroc=0.6695  val_loss=0.5921 auroc=0.7638  0.7s
Ep   6  tr_loss=0.6375 auroc=0.6962  val_loss=0.5944 auroc=0.7500  0.7s
Ep   7  tr_loss=0.6436 auroc=0.6795  val_loss=0.7304 auroc=0.7243  0.7s
Ep   8  tr_loss=0.6083 auroc=0.7313  val_loss=0.6683 auroc=0.7550  0.6s
Ep   9  tr_loss=0.6508 auroc=0.6838  val_loss=0.6023 auroc=0.7794  0.7s
  → new best val AUROC: 0.7794
Ep  10  tr_loss=0.6291 auroc=0.6974  val_loss=0.5873 auroc=0.7644  0.7s
Ep  11  tr_loss=0.6360 auroc=0.6939  val_loss=0.5819 auroc=0.7688  0.7s
Ep  12  tr_loss=0.6394 auroc=0.6938  val_loss=0.6264 auroc=0.7444  0.7s
Ep  13  tr_loss=0.6183 auroc=0.7119  val_loss=0.6409 auroc=0.7450  0.7s
Ep  14  tr_loss=0.6267 auroc=0.7069  val_loss=0.7213 auroc=0.7462  0.7s
Ep  15  tr_loss=0.6149 auroc=0.7214  val_loss=0.6042 auroc=0.7456  0.7s
Ep  16  tr_loss=0.6186 auroc=0.7101  val_loss=0.6175 auroc=0.7409  0.7s
Ep  17  tr_loss=0.6141 auroc=0.7250  val_loss=0.5870 auroc=0.7444  0.7s
Ep  18  tr_loss=0.5968 auroc=0.7441  val_loss=0.5687 auroc=0.7563  0.7s
Ep  19  tr_loss=0.6114 auroc=0.7300  val_loss=0.6566 auroc=0.7534  0.7s
Early stopping at epoch 19 (patience=10)

Predictions → outputs/runs/per_phase_InPhase/predictions.csv
Done.  Best val AUROC: 0.7794
DONE
=== per_phase_OutPhase ===
Device: cuda  |  Run: per_phase_OutPhase  |  Phases: ['OutPhase']
Model parameters: 1,229,346
Ep   0  tr_loss=0.7321 auroc=0.5300  val_loss=0.6547 auroc=0.6516  1.1s
  → new best val AUROC: 0.6516
Ep   1  tr_loss=0.6951 auroc=0.5802  val_loss=0.6703 auroc=0.6992  0.7s
  → new best val AUROC: 0.6992
Ep   2  tr_loss=0.6996 auroc=0.5624  val_loss=0.6515 auroc=0.7243  0.7s
  → new best val AUROC: 0.7243
Ep   3  tr_loss=0.6984 auroc=0.5466  val_loss=0.6582 auroc=0.7124  0.7s
Ep   4  tr_loss=0.6937 auroc=0.5660  val_loss=0.6482 auroc=0.7162  0.7s
Ep   5  tr_loss=0.6787 auroc=0.6237  val_loss=0.6552 auroc=0.7299  0.7s
  → new best val AUROC: 0.7299
Ep   6  tr_loss=0.6717 auroc=0.6190  val_loss=0.6312 auroc=0.7061  0.6s
Ep   7  tr_loss=0.6737 auroc=0.6190  val_loss=0.6232 auroc=0.7218  0.7s
Ep   8  tr_loss=0.6720 auroc=0.6250  val_loss=0.6494 auroc=0.7243  0.7s
Ep   9  tr_loss=0.6686 auroc=0.6404  val_loss=0.6325 auroc=0.7638  0.7s
  → new best val AUROC: 0.7638
Ep  10  tr_loss=0.6669 auroc=0.6360  val_loss=0.6176 auroc=0.7318  0.6s
Ep  11  tr_loss=0.6716 auroc=0.6189  val_loss=0.6207 auroc=0.7340  0.7s
Ep  12  tr_loss=0.6648 auroc=0.6313  val_loss=0.6842 auroc=0.6579  0.7s
Ep  13  tr_loss=0.6668 auroc=0.6324  val_loss=0.6003 auroc=0.7484  0.6s
Ep  14  tr_loss=0.6568 auroc=0.6582  val_loss=0.6344 auroc=0.7607  0.7s
Ep  15  tr_loss=0.6616 auroc=0.6430  val_loss=0.6234 auroc=0.7500  0.7s
Ep  16  tr_loss=0.6487 auroc=0.6740  val_loss=0.6461 auroc=0.7130  0.7s
Ep  17  tr_loss=0.6398 auroc=0.6877  val_loss=0.6095 auroc=0.7274  0.7s
Ep  18  tr_loss=0.6494 auroc=0.6803  val_loss=0.6196 auroc=0.7406  0.7s
Ep  19  tr_loss=0.6508 auroc=0.6713  val_loss=0.6208 auroc=0.7325  0.7s
Early stopping at epoch 19 (patience=10)

Predictions → outputs/runs/per_phase_OutPhase/predictions.csv
Done.  Best val AUROC: 0.7638
DONE

=== Summary ===
Config                                 Exit
------                                 ----
ablation_t2wi_dwi                      0
ablation_pre_a                         0
ablation_contrast_4phase               0
ablation_all_8                         0
per_phase_C_pre                        0
per_phase_C_A                          0
per_phase_C_V                          0
per_phase_C_Delay                      0
per_phase_T2WI                         0
per_phase_DWI                          0
per_phase_InPhase                      0
per_phase_OutPhase                     0
